delta tests failed
fhir-api tests failed
